------------------------------------------------------------
TimeQuest Timing Analyzer Summary
------------------------------------------------------------

Type  : Slow 900mV 100C Model Setup 'clk'
Slack : 0.047
TNS   : 0.000

Type  : Slow 900mV 100C Model Hold 'clk'
Slack : 0.387
TNS   : 0.000

Type  : Slow 900mV 100C Model Minimum Pulse Width 'clk'
Slack : -1.886
TNS   : -3.366

Type  : Slow 900mV 100C Model Minimum Pulse Width 'reset_n'
Slack : -1.886
TNS   : -1.886

Type  : Slow 900mV -40C Model Setup 'clk'
Slack : 0.000
TNS   : 0.000

Type  : Slow 900mV -40C Model Hold 'clk'
Slack : 0.374
TNS   : 0.000

Type  : Slow 900mV -40C Model Minimum Pulse Width 'clk'
Slack : -1.886
TNS   : -3.366

Type  : Slow 900mV -40C Model Minimum Pulse Width 'reset_n'
Slack : -1.886
TNS   : -1.886

Type  : Fast 900mV -40C Model Setup 'clk'
Slack : 1.143
TNS   : 0.000

Type  : Fast 900mV -40C Model Hold 'clk'
Slack : 0.158
TNS   : 0.000

Type  : Fast 900mV -40C Model Minimum Pulse Width 'clk'
Slack : -1.886
TNS   : -10.050

Type  : Fast 900mV -40C Model Minimum Pulse Width 'reset_n'
Slack : -1.886
TNS   : -1.886

------------------------------------------------------------
